COUNTRY_CODES="option|AF|AFGHANISTAN
option|AX|ALAND ISLANDS
option|DZ|ALGERIA
option|AS|AMERICAN SAMOA
option|AD|ANDORRA
option|AO|ANGOLA
option|AI|ANGUILLA
option|AQ|ANTARCTICA
option|AG|ANTIGUA AND BARBUDA
option|AR|ARGENTINA
option|AM|ARMENIA
option|AW|ARUBA
option|AU|AUSTRALIA
option|AT|AUSTRIA
option|AZ|AZERBAIJAN
option|BS|BAHAMAS
option|BH|BAHRAIN
option|BD|BANGLADESH
option|BB|BARBADOS
option|BY|BELARUS
option|BE|BELGIUM
option|BZ|BELIZE
option|BJ|BENIN
option|BM|BERMUDA
option|BT|BHUTAN
option|BO|BOLIVIA, PLURINATIONAL STATE OF
option|BQ|BONAIRE, SAINT EUSTATIUS AND SABA
option|BA|BOSNIA AND HERZEGOVINA
option|BW|BOTSWANA
option|BV|BOUVET ISLAND
option|BR|BRAZIL
option|IO|BRITISH INDIAN OCEAN TERRITORY
option|BN|BRUNEI DARUSSALAM
option|BG|BULGARIA
option|BF|BURKINA FASO
option|BI|BURUNDI
option|KH|CAMBODIA
option|CM|CAMEROON
option|CA|CANADA
option|CV|CAPE VERDE
option|KY|CAYMAN ISLANDS
option|CF|CENTRAL AFRICAN REPUBLIC
option|TD|CHAD
option|CL|CHILE
option|CN|CHINA
option|CX|CHRISTMAS ISLAND
option|CC|COCOS (KEELING) ISLANDS
option|CO|COLOMBIA
option|KM|COMOROS
option|CG|CONGO
option|CD|CONGO, THE DEMOCRATIC REPUBLIC OF THE
option|CK|COOK ISLANDS
option|CR|COSTA RICA
option|CI|COTE D'IVOIRE
option|HR|CROATIA
option|CU|CUBA
option|CW|CURACAO
option|CY|CYPRUS
option|CZ|CZECH REPUBLIC
option|DK|DENMARK
option|DJ|DJIBOUTI
option|DM|DOMINICA
option|DO|DOMINICAN REPUBLIC
option|EC|ECUADOR
option|EG|EGYPT
option|SV|EL SALVADOR
option|GQ|EQUATORIAL GUINEA
option|ER|ERITREA
option|EE|ESTONIA
option|ET|ETHIOPIA
option|FK|FALKLAND ISLANDS (MALVINAS)
option|FO|FAROE ISLANDS
option|FJ|FIJI
option|FI|FINLAND
option|FR|FRANCE
option|GF|FRENCH GUIANA
option|PF|FRENCH POLYNESIA
option|TF|FRENCH SOUTHERN TERRITORIES
option|GA|GABON
option|GM|GAMBIA
option|GE|GEORGIA
option|DE|GERMANY
option|GH|GHANA
option|GI|GIBRALTAR
option|GR|GREECE
option|GL|GREENLAND
option|GD|GRENADA
option|GP|GUADELOUPE
option|GU|GUAM
option|GT|GUATEMALA
option|GG|GUERNSEY
option|GN|GUINEA
option|GW|GUINEA-BISSAU
option|GY|GUYANA
option|HT|HAITI
option|HM|HEARD ISLAND AND MCDONALD ISLANDS
option|VA|HOLY SEE (VATICAN CITY STATE)
option|HN|HONDURAS
option|HK|HONG KONG
option|HU|HUNGARY
option|IS|ICELAND
option|IN|INDIA
option|ID|INDONESIA
option|IR|IRAN, ISLAMIC REPUBLIC OF
option|IQ|IRAQ
option|IE|IRELAND
option|IM|ISLE OF MAN
option|IL|ISRAEL
option|IT|ITALY
option|JM|JAMAICA
option|JP|JAPAN
option|JE|JERSEY
option|JO|JORDAN
option|KZ|KAZAKHSTAN
option|KE|KENYA
option|KI|KIRIBATI
option|KP|KOREA, DEMOCRATIC PEOPLE'S REPUBLIC OF
option|KR|KOREA, REPUBLIC OF
option|KW|KUWAIT
option|KG|KYRGYZSTAN
option|LA|LAO PEOPLE'S DEMOCRATIC REPUBLIC
option|LV|LATVIA
option|LB|LEBANON
option|LS|LESOTHO
option|LR|LIBERIA
option|LY|LIBYAN ARAB JAMAHIRIYA
option|LI|LIECHTENSTEIN
option|LT|LITHUANIA
option|LU|LUXEMBOURG
option|MO|MACAO
option|MK|MACEDONIA, THE FORMER YUGOSLAV REPUBLIC OF
option|MG|MADAGASCAR
option|MW|MALAWI
option|MY|MALAYSIA
option|MV|MALDIVES
option|ML|MALI
option|MT|MALTA
option|MH|MARSHALL ISLANDS
option|MQ|MARTINIQUE
option|MR|MAURITANIA
option|MU|MAURITIUS
option|YT|MAYOTTE
option|MX|MEXICO
option|FM|MICRONESIA, FEDERATED STATES OF
option|MD|MOLDOVA, REPUBLIC OF
option|MC|MONACO
option|MN|MONGOLIA
option|ME|MONTENEGRO
option|MS|MONTSERRAT
option|MA|MOROCCO
option|MZ|MOZAMBIQUE
option|MM|MYANMAR
option|NA|NAMIBIA
option|NR|NAURU
option|NP|NEPAL
option|NL|NETHERLANDS
option|NC|NEW CALEDONIA
option|NZ|NEW ZEALAND
option|NI|NICARAGUA
option|NE|NIGER
option|NG|NIGERIA
option|NU|NIUE
option|NF|NORFOLK ISLAND
option|MP|NORTHERN MARIANA ISLANDS
option|NO|NORWAY
option|OM|OMAN
option|PK|PAKISTAN
option|PW|PALAU
option|PS|PALESTINIAN TERRITORY, OCCUPIED
option|PA|PANAMA
option|PG|PAPUA NEW GUINEA
option|PY|PARAGUAY
option|PE|PERU
option|PH|PHILIPPINES
option|PN|PITCAIRN
option|PL|POLAND
option|PT|PORTUGAL
option|PR|PUERTO RICO
option|QA|QATAR
option|RE|REUNION
option|RO|ROMANIA
option|RU|RUSSIAN FEDERATION
option|RW|RWANDA
option|BL|SAINT BARTHÉEMY
option|SH|SAINT HELENA, ASCENSION AND TRISTAN DA CUNHA
option|KN|SAINT KITTS AND NEVIS
option|LC|SAINT LUCIA
option|MF|SAINT MARTIN (FRENCH PART)
option|PM|SAINT PIERRE AND MIQUELON
option|VC|SAINT VINCENT AND THE GRENADINES
option|WS|SAMOA
option|SM|SAN MARINO
option|ST|SAO TOME AND PRINCIPE
option|SA|SAUDI ARABIA
option|SN|SENEGAL
option|RS|SERBIA
option|SC|SEYCHELLES
option|SL|SIERRA LEONE
option|SG|SINGAPORE
option|SX|SINT MAARTEN (DUTCH PART)
option|SK|SLOVAKIA
option|SI|SLOVENIA
option|SB|SOLOMON ISLANDS
option|SO|SOMALIA
option|ZA|SOUTH AFRICA
option|GS|SOUTH GEORGIA AND THE SOUTH SANDWICH ISLANDS
option|ES|SPAIN
option|LK|SRI LANKA
option|SD|SUDAN
option|SR|SURINAME
option|SJ|SVALBARD AND JAN MAYEN
option|SZ|SWAZILAND
option|SE|SWEDEN
option|CH|SWITZERLAND
option|SY|SYRIAN ARAB REPUBLIC
option|TW|TAIWAN, PROVINCE OF CHINA
option|TJ|TAJIKISTAN
option|TZ|TANZANIA, UNITED REPUBLIC OF
option|TH|THAILAND
option|TL|TIMOR-LESTE
option|TG|TOGO
option|TK|TOKELAU
option|TO|TONGA
option|TT|TRINIDAD AND TOBAGO
option|TN|TUNISIA
option|TR|TURKEY
option|TM|TURKMENISTAN
option|TC|TURKS AND CAICOS ISLANDS
option|TV|TUVALU
option|UG|UGANDA
option|UA|UKRAINE
option|AE|UNITED ARAB EMIRATES
option|GB|UNITED KINGDOM
option|US|UNITED STATES
option|UM|UNITED STATES MINOR OUTLYING ISLANDS
option|UY|URUGUAY
option|UZ|UZBEKISTAN
option|VU|VANUATU
option|VE|VENEZUELA, BOLIVARIAN REPUBLIC OF
option|VN|VIET NAM
option|VG|VIRGIN ISLANDS, BRITISH
option|VI|VIRGIN ISLANDS, U.S.
option|WF|WALLIS AND FUTUNA
option|EH|WESTERN SAHARA
option|YE|YEMEN
option|ZM|ZAMBIA
option|ZW|ZIMBABWE"
